2026-08-23 20:48:34.372+0000 INFO  Logging config in use: File '/var/lib/neo4j/conf/user-logs.xml'
2026-08-23 20:48:34.386+0000 INFO  Starting...
2026-08-23 20:48:35.181+0000 INFO  This instance is ServerId{47f3f0d0} (47f3f0d0-ca2e-470e-b67a-d38560e1c59b)
2026-08-23 20:48:36.045+0000 INFO  ======== Neo4j 5.26.29 ========
2026-08-23 20:48:38.067+0000 INFO  Anonymous Usage Data is being sent to Neo4j, see https://neo4j.com/docs/usage-data/
2026-08-23 20:48:38.096+0000 INFO  Bolt enabled on 0.0.0.0:7687.
2026-08-23 20:48:39.341+0000 INFO  HTTP enabled on 0.0.0.0:7474.
2026-08-23 20:48:39.342+0000 INFO  Remote interface available at http://localhost:7474/
2026-08-23 20:48:39.344+0000 INFO  id: F2D2C5DE77BE3C34B9607B923BB3D2B15214427F692CFA39DE25B6B8CAB44B79
2026-08-23 20:48:39.344+0000 INFO  name: system
2026-08-23 20:48:39.344+0000 INFO  creationDate: 2026-08-23T20:48:37.037Z
2026-08-23 20:48:39.344+0000 INFO  Started.
2026-08-25 11:44:05.669+0000 INFO  Neo4j Server shutdown initiated by request
2026-08-25 11:44:05.679+0000 INFO  Stopping...
2026-08-25 11:44:11.214+0000 INFO  Stopped.
2026-08-25 11:44:45.071+0000 INFO  Logging config in use: File '/var/lib/neo4j/conf/user-logs.xml'
2026-08-25 11:44:45.093+0000 INFO  Starting...
2026-08-25 11:44:45.983+0000 INFO  This instance is ServerId{47f3f0d0} (47f3f0d0-ca2e-470e-b67a-d38560e1c59b)
2026-08-25 11:44:46.887+0000 INFO  ======== Neo4j 5.26.29 ========
2026-08-25 11:44:48.413+0000 INFO  Anonymous Usage Data is being sent to Neo4j, see https://neo4j.com/docs/usage-data/
2026-08-25 11:44:48.442+0000 INFO  Bolt enabled on 0.0.0.0:7687.
2026-08-25 11:44:49.703+0000 INFO  HTTP enabled on 0.0.0.0:7474.
2026-08-25 11:44:49.704+0000 INFO  Remote interface available at http://localhost:7474/
2026-08-25 11:44:49.706+0000 INFO  id: F2D2C5DE77BE3C34B9607B923BB3D2B15214427F692CFA39DE25B6B8CAB44B79
2026-08-25 11:44:49.706+0000 INFO  name: system
2026-08-25 11:44:49.706+0000 INFO  creationDate: 2026-08-23T20:48:37.037Z
2026-08-25 11:44:49.706+0000 INFO  Started.
2026-08-25 12:58:46.122+0000 INFO  Neo4j Server shutdown initiated by request
2026-08-25 12:58:46.124+0000 INFO  Stopping...
2026-08-25 12:59:24.333+0000 INFO  Logging config in use: File '/var/lib/neo4j/conf/user-logs.xml'
2026-08-25 12:59:24.356+0000 INFO  Starting...
2026-08-25 12:59:25.197+0000 INFO  This instance is ServerId{47f3f0d0} (47f3f0d0-ca2e-470e-b67a-d38560e1c59b)
2026-08-25 12:59:26.122+0000 INFO  ======== Neo4j 5.26.29 ========
2026-08-25 12:59:27.480+0000 INFO  Anonymous Usage Data is being sent to Neo4j, see https://neo4j.com/docs/usage-data/
2026-08-25 12:59:27.511+0000 INFO  Bolt enabled on 0.0.0.0:7687.
2026-08-25 12:59:28.674+0000 INFO  HTTP enabled on 0.0.0.0:7474.
2026-08-25 12:59:28.675+0000 INFO  Remote interface available at http://localhost:7474/
2026-08-25 12:59:28.677+0000 INFO  id: F2D2C5DE77BE3C34B9607B923BB3D2B15214427F692CFA39DE25B6B8CAB44B79
2026-08-25 12:59:28.677+0000 INFO  name: system
2026-08-25 12:59:28.678+0000 INFO  creationDate: 2026-08-23T20:48:37.037Z
2026-08-25 12:59:28.678+0000 INFO  Started.
2026-08-25 14:32:21.352+0000 INFO  Neo4j Server shutdown initiated by request
2026-08-25 14:32:21.354+0000 INFO  Stopping...
2026-08-25 14:34:00.994+0000 INFO  Logging config in use: File '/var/lib/neo4j/conf/user-logs.xml'
2026-08-25 14:34:01.014+0000 INFO  Starting...
2026-08-25 14:34:02.194+0000 INFO  This instance is ServerId{47f3f0d0} (47f3f0d0-ca2e-470e-b67a-d38560e1c59b)
2026-08-25 14:34:03.108+0000 INFO  ======== Neo4j 5.26.29 ========
2026-08-25 14:34:04.554+0000 INFO  Anonymous Usage Data is being sent to Neo4j, see https://neo4j.com/docs/usage-data/
2026-08-25 14:34:04.593+0000 INFO  Bolt enabled on 0.0.0.0:7687.
2026-08-25 14:34:05.885+0000 INFO  HTTP enabled on 0.0.0.0:7474.
2026-08-25 14:34:05.886+0000 INFO  Remote interface available at http://localhost:7474/
2026-08-25 14:34:05.888+0000 INFO  id: F2D2C5DE77BE3C34B9607B923BB3D2B15214427F692CFA39DE25B6B8CAB44B79
2026-08-25 14:34:05.888+0000 INFO  name: system
2026-08-25 14:34:05.888+0000 INFO  creationDate: 2026-08-23T20:48:37.037Z
2026-08-25 14:34:05.888+0000 INFO  Started.
2026-08-25 15:59:41.775+0000 INFO  Neo4j Server shutdown initiated by request
2026-08-25 15:59:41.776+0000 INFO  Stopping...
2026-08-25 16:00:16.213+0000 INFO  Logging config in use: File '/var/lib/neo4j/conf/user-logs.xml'
2026-08-25 16:00:16.225+0000 INFO  Starting...
2026-08-25 16:00:17.076+0000 INFO  This instance is ServerId{47f3f0d0} (47f3f0d0-ca2e-470e-b67a-d38560e1c59b)
2026-08-25 16:00:18.036+0000 INFO  ======== Neo4j 5.26.29 ========
2026-08-25 16:00:19.500+0000 INFO  Anonymous Usage Data is being sent to Neo4j, see https://neo4j.com/docs/usage-data/
2026-08-25 16:00:19.538+0000 INFO  Bolt enabled on 0.0.0.0:7687.
2026-08-25 16:00:20.802+0000 INFO  HTTP enabled on 0.0.0.0:7474.
2026-08-25 16:00:20.803+0000 INFO  Remote interface available at http://localhost:7474/
2026-08-25 16:00:20.805+0000 INFO  id: F2D2C5DE77BE3C34B9607B923BB3D2B15214427F692CFA39DE25B6B8CAB44B79
2026-08-25 16:00:20.805+0000 INFO  name: system
2026-08-25 16:00:20.806+0000 INFO  creationDate: 2026-08-23T20:48:37.037Z
2026-08-25 16:00:20.806+0000 INFO  Started.
2026-08-25 16:15:40.970+0000 INFO  Neo4j Server shutdown initiated by request
2026-08-25 16:15:40.971+0000 INFO  Stopping...
2026-08-25 16:16:13.205+0000 INFO  Logging config in use: File '/var/lib/neo4j/conf/user-logs.xml'
2026-08-25 16:16:13.217+0000 INFO  Starting...
2026-08-25 16:16:14.346+0000 INFO  This instance is ServerId{47f3f0d0} (47f3f0d0-ca2e-470e-b67a-d38560e1c59b)
2026-08-25 16:16:15.237+0000 INFO  ======== Neo4j 5.26.29 ========
2026-08-25 16:16:16.656+0000 INFO  Anonymous Usage Data is being sent to Neo4j, see https://neo4j.com/docs/usage-data/
2026-08-25 16:16:16.686+0000 INFO  Bolt enabled on 0.0.0.0:7687.
2026-08-25 16:16:17.888+0000 INFO  HTTP enabled on 0.0.0.0:7474.
2026-08-25 16:16:17.889+0000 INFO  Remote interface available at http://localhost:7474/
2026-08-25 16:16:17.891+0000 INFO  id: F2D2C5DE77BE3C34B9607B923BB3D2B15214427F692CFA39DE25B6B8CAB44B79
2026-08-25 16:16:17.891+0000 INFO  name: system
2026-08-25 16:16:17.891+0000 INFO  creationDate: 2026-08-23T20:48:37.037Z
2026-08-25 16:16:17.891+0000 INFO  Started.
2026-08-26 20:08:12.254+0000 INFO  Neo4j Server shutdown initiated by request
2026-08-26 20:08:12.258+0000 INFO  Stopping...
2026-08-26 20:08:17.556+0000 INFO  Stopped.
2026-08-26 20:08:48.295+0000 INFO  Logging config in use: File '/var/lib/neo4j/conf/user-logs.xml'
2026-08-26 20:08:48.335+0000 INFO  Starting...
2026-08-26 20:08:49.452+0000 INFO  This instance is ServerId{47f3f0d0} (47f3f0d0-ca2e-470e-b67a-d38560e1c59b)
2026-08-26 20:08:50.352+0000 INFO  ======== Neo4j 5.26.29 ========
2026-08-26 20:08:51.785+0000 INFO  Anonymous Usage Data is being sent to Neo4j, see https://neo4j.com/docs/usage-data/
2026-08-26 20:08:51.813+0000 INFO  Bolt enabled on 0.0.0.0:7687.
2026-08-26 20:08:53.024+0000 INFO  HTTP enabled on 0.0.0.0:7474.
2026-08-26 20:08:53.025+0000 INFO  Remote interface available at http://localhost:7474/
2026-08-26 20:08:53.028+0000 INFO  id: F2D2C5DE77BE3C34B9607B923BB3D2B15214427F692CFA39DE25B6B8CAB44B79
2026-08-26 20:08:53.028+0000 INFO  name: system
2026-08-26 20:08:53.028+0000 INFO  creationDate: 2026-08-23T20:48:37.037Z
2026-08-26 20:08:53.028+0000 INFO  Started.
